mkdir: cannot create directory ‘/work/zruilin/Peach/QC/output/s01.raw_qc/Kara_1_19’: File exists
Started analysis of Kara_1_19_EKDN220024218-1A_H3MGWDSX5_L2_1.fq.gz
Approx 5% complete for Kara_1_19_EKDN220024218-1A_H3MGWDSX5_L2_1.fq.gz
Approx 10% complete for Kara_1_19_EKDN220024218-1A_H3MGWDSX5_L2_1.fq.gz
Approx 15% complete for Kara_1_19_EKDN220024218-1A_H3MGWDSX5_L2_1.fq.gz
Approx 20% complete for Kara_1_19_EKDN220024218-1A_H3MGWDSX5_L2_1.fq.gz
Approx 25% complete for Kara_1_19_EKDN220024218-1A_H3MGWDSX5_L2_1.fq.gz
Approx 30% complete for Kara_1_19_EKDN220024218-1A_H3MGWDSX5_L2_1.fq.gz
Approx 35% complete for Kara_1_19_EKDN220024218-1A_H3MGWDSX5_L2_1.fq.gz
Approx 40% complete for Kara_1_19_EKDN220024218-1A_H3MGWDSX5_L2_1.fq.gz
Approx 45% complete for Kara_1_19_EKDN220024218-1A_H3MGWDSX5_L2_1.fq.gz
Approx 50% complete for Kara_1_19_EKDN220024218-1A_H3MGWDSX5_L2_1.fq.gz
Approx 55% complete for Kara_1_19_EKDN220024218-1A_H3MGWDSX5_L2_1.fq.gz
Approx 60% complete for Kara_1_19_EKDN220024218-1A_H3MGWDSX5_L2_1.fq.gz
Approx 65% complete for Kara_1_19_EKDN220024218-1A_H3MGWDSX5_L2_1.fq.gz
Approx 70% complete for Kara_1_19_EKDN220024218-1A_H3MGWDSX5_L2_1.fq.gz
Approx 75% complete for Kara_1_19_EKDN220024218-1A_H3MGWDSX5_L2_1.fq.gz
Approx 80% complete for Kara_1_19_EKDN220024218-1A_H3MGWDSX5_L2_1.fq.gz
Approx 85% complete for Kara_1_19_EKDN220024218-1A_H3MGWDSX5_L2_1.fq.gz
Approx 90% complete for Kara_1_19_EKDN220024218-1A_H3MGWDSX5_L2_1.fq.gz
Approx 95% complete for Kara_1_19_EKDN220024218-1A_H3MGWDSX5_L2_1.fq.gz
/var/spool/slurm/d/job39301119/slurm_script: line 9:  : command not found
Started analysis of Kara_1_19_EKDN220024218-1A_H3MGWDSX5_L2_2.fq.gz
Approx 5% complete for Kara_1_19_EKDN220024218-1A_H3MGWDSX5_L2_2.fq.gz
Approx 10% complete for Kara_1_19_EKDN220024218-1A_H3MGWDSX5_L2_2.fq.gz
Approx 15% complete for Kara_1_19_EKDN220024218-1A_H3MGWDSX5_L2_2.fq.gz
Approx 20% complete for Kara_1_19_EKDN220024218-1A_H3MGWDSX5_L2_2.fq.gz
Approx 25% complete for Kara_1_19_EKDN220024218-1A_H3MGWDSX5_L2_2.fq.gz
Approx 30% complete for Kara_1_19_EKDN220024218-1A_H3MGWDSX5_L2_2.fq.gz
Approx 35% complete for Kara_1_19_EKDN220024218-1A_H3MGWDSX5_L2_2.fq.gz
Approx 40% complete for Kara_1_19_EKDN220024218-1A_H3MGWDSX5_L2_2.fq.gz
Approx 45% complete for Kara_1_19_EKDN220024218-1A_H3MGWDSX5_L2_2.fq.gz
Approx 50% complete for Kara_1_19_EKDN220024218-1A_H3MGWDSX5_L2_2.fq.gz
Approx 55% complete for Kara_1_19_EKDN220024218-1A_H3MGWDSX5_L2_2.fq.gz
Approx 60% complete for Kara_1_19_EKDN220024218-1A_H3MGWDSX5_L2_2.fq.gz
Approx 65% complete for Kara_1_19_EKDN220024218-1A_H3MGWDSX5_L2_2.fq.gz
Approx 70% complete for Kara_1_19_EKDN220024218-1A_H3MGWDSX5_L2_2.fq.gz
Approx 75% complete for Kara_1_19_EKDN220024218-1A_H3MGWDSX5_L2_2.fq.gz
Approx 80% complete for Kara_1_19_EKDN220024218-1A_H3MGWDSX5_L2_2.fq.gz
Approx 85% complete for Kara_1_19_EKDN220024218-1A_H3MGWDSX5_L2_2.fq.gz
Approx 90% complete for Kara_1_19_EKDN220024218-1A_H3MGWDSX5_L2_2.fq.gz
Approx 95% complete for Kara_1_19_EKDN220024218-1A_H3MGWDSX5_L2_2.fq.gz
/var/spool/slurm/d/job39301119/slurm_script: line 10:  : command not found
Started analysis of Kara_1_19_EKDN220024218-1A_H3NGMDSX5_L4_1.fq.gz
Approx 5% complete for Kara_1_19_EKDN220024218-1A_H3NGMDSX5_L4_1.fq.gz
Approx 10% complete for Kara_1_19_EKDN220024218-1A_H3NGMDSX5_L4_1.fq.gz
Approx 15% complete for Kara_1_19_EKDN220024218-1A_H3NGMDSX5_L4_1.fq.gz
Approx 20% complete for Kara_1_19_EKDN220024218-1A_H3NGMDSX5_L4_1.fq.gz
Approx 25% complete for Kara_1_19_EKDN220024218-1A_H3NGMDSX5_L4_1.fq.gz
Approx 30% complete for Kara_1_19_EKDN220024218-1A_H3NGMDSX5_L4_1.fq.gz
Approx 35% complete for Kara_1_19_EKDN220024218-1A_H3NGMDSX5_L4_1.fq.gz
Approx 40% complete for Kara_1_19_EKDN220024218-1A_H3NGMDSX5_L4_1.fq.gz
Approx 45% complete for Kara_1_19_EKDN220024218-1A_H3NGMDSX5_L4_1.fq.gz
Approx 50% complete for Kara_1_19_EKDN220024218-1A_H3NGMDSX5_L4_1.fq.gz
Approx 55% complete for Kara_1_19_EKDN220024218-1A_H3NGMDSX5_L4_1.fq.gz
Approx 60% complete for Kara_1_19_EKDN220024218-1A_H3NGMDSX5_L4_1.fq.gz
Approx 65% complete for Kara_1_19_EKDN220024218-1A_H3NGMDSX5_L4_1.fq.gz
Approx 70% complete for Kara_1_19_EKDN220024218-1A_H3NGMDSX5_L4_1.fq.gz
Approx 75% complete for Kara_1_19_EKDN220024218-1A_H3NGMDSX5_L4_1.fq.gz
Approx 80% complete for Kara_1_19_EKDN220024218-1A_H3NGMDSX5_L4_1.fq.gz
Approx 85% complete for Kara_1_19_EKDN220024218-1A_H3NGMDSX5_L4_1.fq.gz
Approx 90% complete for Kara_1_19_EKDN220024218-1A_H3NGMDSX5_L4_1.fq.gz
Approx 95% complete for Kara_1_19_EKDN220024218-1A_H3NGMDSX5_L4_1.fq.gz
/var/spool/slurm/d/job39301119/slurm_script: line 11:  : command not found
Started analysis of Kara_1_19_EKDN220024218-1A_H3NGMDSX5_L4_2.fq.gz
Approx 5% complete for Kara_1_19_EKDN220024218-1A_H3NGMDSX5_L4_2.fq.gz
Approx 10% complete for Kara_1_19_EKDN220024218-1A_H3NGMDSX5_L4_2.fq.gz
Approx 15% complete for Kara_1_19_EKDN220024218-1A_H3NGMDSX5_L4_2.fq.gz
Approx 20% complete for Kara_1_19_EKDN220024218-1A_H3NGMDSX5_L4_2.fq.gz
Approx 25% complete for Kara_1_19_EKDN220024218-1A_H3NGMDSX5_L4_2.fq.gz
Approx 30% complete for Kara_1_19_EKDN220024218-1A_H3NGMDSX5_L4_2.fq.gz
Approx 35% complete for Kara_1_19_EKDN220024218-1A_H3NGMDSX5_L4_2.fq.gz
Approx 40% complete for Kara_1_19_EKDN220024218-1A_H3NGMDSX5_L4_2.fq.gz
Approx 45% complete for Kara_1_19_EKDN220024218-1A_H3NGMDSX5_L4_2.fq.gz
Approx 50% complete for Kara_1_19_EKDN220024218-1A_H3NGMDSX5_L4_2.fq.gz
Approx 55% complete for Kara_1_19_EKDN220024218-1A_H3NGMDSX5_L4_2.fq.gz
Approx 60% complete for Kara_1_19_EKDN220024218-1A_H3NGMDSX5_L4_2.fq.gz
Approx 65% complete for Kara_1_19_EKDN220024218-1A_H3NGMDSX5_L4_2.fq.gz
Approx 70% complete for Kara_1_19_EKDN220024218-1A_H3NGMDSX5_L4_2.fq.gz
Approx 75% complete for Kara_1_19_EKDN220024218-1A_H3NGMDSX5_L4_2.fq.gz
Approx 80% complete for Kara_1_19_EKDN220024218-1A_H3NGMDSX5_L4_2.fq.gz
Approx 85% complete for Kara_1_19_EKDN220024218-1A_H3NGMDSX5_L4_2.fq.gz
Approx 90% complete for Kara_1_19_EKDN220024218-1A_H3NGMDSX5_L4_2.fq.gz
Approx 95% complete for Kara_1_19_EKDN220024218-1A_H3NGMDSX5_L4_2.fq.gz
/var/spool/slurm/d/job39301119/slurm_script: line 12:  : command not found
