Read1 before filtering:
total reads: 17316134
total bases: 2597420100
Q20 bases: 2511862042(96.706%)
Q30 bases: 2375925781(91.4725%)

Read2 before filtering:
total reads: 17316134
total bases: 2597420100
Q20 bases: 2483743899(95.6235%)
Q30 bases: 2312661443(89.0369%)

Read1 after filtering:
total reads: 17121050
total bases: 2527895364
Q20 bases: 2450263007(96.929%)
Q30 bases: 2319521223(91.757%)

Read2 after filtering:
total reads: 17121050
total bases: 2527910872
Q20 bases: 2426277225(95.9795%)
Q30 bases: 2261373117(89.4562%)

Filtering result:
reads passed filter: 34242100
reads failed due to low quality: 327874
reads failed due to too many N: 3652
reads failed due to too short: 58642
reads with adapter trimmed: 334402
bases trimmed due to adapters: 17445913

Duplication rate: 11.6137%

Insert size peak (evaluated by paired-end reads): 269

JSON report: /work/zruilin/Peach/QC/output/s03.fastp_and_qc.raw_data.list/ch125/fastp.ch125.json
HTML report: /work/zruilin/Peach/QC/output/s03.fastp_and_qc.raw_data.list/ch125/fastp.ch125.html

fastp -f 2 -l 50 -i /work/zruilin/Peach/QC/input/peach_Illumina_novogene_25082022/merged_row_data/ch125/ch125_EKDN220024211-1A_H3MGWDSX5_L2_1.fq.gz -I /work/zruilin/Peach/QC/input/peach_Illumina_novogene_25082022/merged_row_data/ch125/ch125_EKDN220024211-1A_H3MGWDSX5_L2_2.fq.gz -o /work/zruilin/Peach/QC/output/s03.fastp_and_qc.raw_data.list/ch125/clean.ch125_EKDN220024211-1A_H3MGWDSX5_L2_1.fq.gz -O /work/zruilin/Peach/QC/output/s03.fastp_and_qc.raw_data.list/ch125/clean.ch125_EKDN220024211-1A_H3MGWDSX5_L2_2.fq.gz -h /work/zruilin/Peach/QC/output/s03.fastp_and_qc.raw_data.list/ch125/fastp.ch125.html -j /work/zruilin/Peach/QC/output/s03.fastp_and_qc.raw_data.list/ch125/fastp.ch125.json -R ch125 
fastp v0.21.0, time used: 592 seconds
Started analysis of clean.ch125_EKDN220024211-1A_H3MGWDSX5_L2_1.fq.gz
Approx 5% complete for clean.ch125_EKDN220024211-1A_H3MGWDSX5_L2_1.fq.gz
Approx 10% complete for clean.ch125_EKDN220024211-1A_H3MGWDSX5_L2_1.fq.gz
Approx 15% complete for clean.ch125_EKDN220024211-1A_H3MGWDSX5_L2_1.fq.gz
Approx 20% complete for clean.ch125_EKDN220024211-1A_H3MGWDSX5_L2_1.fq.gz
Approx 25% complete for clean.ch125_EKDN220024211-1A_H3MGWDSX5_L2_1.fq.gz
Approx 30% complete for clean.ch125_EKDN220024211-1A_H3MGWDSX5_L2_1.fq.gz
Approx 35% complete for clean.ch125_EKDN220024211-1A_H3MGWDSX5_L2_1.fq.gz
Approx 40% complete for clean.ch125_EKDN220024211-1A_H3MGWDSX5_L2_1.fq.gz
Approx 45% complete for clean.ch125_EKDN220024211-1A_H3MGWDSX5_L2_1.fq.gz
Approx 50% complete for clean.ch125_EKDN220024211-1A_H3MGWDSX5_L2_1.fq.gz
Approx 55% complete for clean.ch125_EKDN220024211-1A_H3MGWDSX5_L2_1.fq.gz
Approx 60% complete for clean.ch125_EKDN220024211-1A_H3MGWDSX5_L2_1.fq.gz
Approx 65% complete for clean.ch125_EKDN220024211-1A_H3MGWDSX5_L2_1.fq.gz
Approx 70% complete for clean.ch125_EKDN220024211-1A_H3MGWDSX5_L2_1.fq.gz
Approx 75% complete for clean.ch125_EKDN220024211-1A_H3MGWDSX5_L2_1.fq.gz
Approx 80% complete for clean.ch125_EKDN220024211-1A_H3MGWDSX5_L2_1.fq.gz
Approx 85% complete for clean.ch125_EKDN220024211-1A_H3MGWDSX5_L2_1.fq.gz
Approx 90% complete for clean.ch125_EKDN220024211-1A_H3MGWDSX5_L2_1.fq.gz
Approx 95% complete for clean.ch125_EKDN220024211-1A_H3MGWDSX5_L2_1.fq.gz
Started analysis of clean.ch125_EKDN220024211-1A_H3MGWDSX5_L2_2.fq.gz
Approx 5% complete for clean.ch125_EKDN220024211-1A_H3MGWDSX5_L2_2.fq.gz
Approx 10% complete for clean.ch125_EKDN220024211-1A_H3MGWDSX5_L2_2.fq.gz
Approx 15% complete for clean.ch125_EKDN220024211-1A_H3MGWDSX5_L2_2.fq.gz
Approx 20% complete for clean.ch125_EKDN220024211-1A_H3MGWDSX5_L2_2.fq.gz
Approx 25% complete for clean.ch125_EKDN220024211-1A_H3MGWDSX5_L2_2.fq.gz
Approx 30% complete for clean.ch125_EKDN220024211-1A_H3MGWDSX5_L2_2.fq.gz
Approx 35% complete for clean.ch125_EKDN220024211-1A_H3MGWDSX5_L2_2.fq.gz
Approx 40% complete for clean.ch125_EKDN220024211-1A_H3MGWDSX5_L2_2.fq.gz
Approx 45% complete for clean.ch125_EKDN220024211-1A_H3MGWDSX5_L2_2.fq.gz
Approx 50% complete for clean.ch125_EKDN220024211-1A_H3MGWDSX5_L2_2.fq.gz
Approx 55% complete for clean.ch125_EKDN220024211-1A_H3MGWDSX5_L2_2.fq.gz
Approx 60% complete for clean.ch125_EKDN220024211-1A_H3MGWDSX5_L2_2.fq.gz
Approx 65% complete for clean.ch125_EKDN220024211-1A_H3MGWDSX5_L2_2.fq.gz
Approx 70% complete for clean.ch125_EKDN220024211-1A_H3MGWDSX5_L2_2.fq.gz
Approx 75% complete for clean.ch125_EKDN220024211-1A_H3MGWDSX5_L2_2.fq.gz
Approx 80% complete for clean.ch125_EKDN220024211-1A_H3MGWDSX5_L2_2.fq.gz
Approx 85% complete for clean.ch125_EKDN220024211-1A_H3MGWDSX5_L2_2.fq.gz
Approx 90% complete for clean.ch125_EKDN220024211-1A_H3MGWDSX5_L2_2.fq.gz
Approx 95% complete for clean.ch125_EKDN220024211-1A_H3MGWDSX5_L2_2.fq.gz
Read1 before filtering:
total reads: 4968916
total bases: 745337400
Q20 bases: 719116472(96.482%)
Q30 bases: 675418008(90.6191%)

Read2 before filtering:
total reads: 4968916
total bases: 745337400
Q20 bases: 698954521(93.7769%)
Q30 bases: 633798046(85.0351%)

Read1 after filtering:
total reads: 4917451
total bases: 725957190
Q20 bases: 701655067(96.6524%)
Q30 bases: 659331265(90.8223%)

Read2 after filtering:
total reads: 4917451
total bases: 725946007
Q20 bases: 682925940(94.0739%)
Q30 bases: 619663516(85.3594%)

Filtering result:
reads passed filter: 9834902
reads failed due to low quality: 84520
reads failed due to too many N: 578
reads failed due to too short: 17832
reads with adapter trimmed: 100382
bases trimmed due to adapters: 5421466

Duplication rate: 16.2745%

Insert size peak (evaluated by paired-end reads): 269

JSON report: /work/zruilin/Peach/QC/output/s03.fastp_and_qc.raw_data.list/ch125/fastp.ch125.json
HTML report: /work/zruilin/Peach/QC/output/s03.fastp_and_qc.raw_data.list/ch125/fastp.ch125.html

fastp -f 2 -l 50 -i /work/zruilin/Peach/QC/input/peach_Illumina_novogene_25082022/merged_row_data/ch125/ch125_EKDN220024211-1A_H3TGLDSX5_L3_1.fq.gz -I /work/zruilin/Peach/QC/input/peach_Illumina_novogene_25082022/merged_row_data/ch125/ch125_EKDN220024211-1A_H3TGLDSX5_L3_2.fq.gz -o /work/zruilin/Peach/QC/output/s03.fastp_and_qc.raw_data.list/ch125/clean.ch125_EKDN220024211-1A_H3TGLDSX5_L3_1.fq.gz -O /work/zruilin/Peach/QC/output/s03.fastp_and_qc.raw_data.list/ch125/clean.ch125_EKDN220024211-1A_H3TGLDSX5_L3_2.fq.gz -h /work/zruilin/Peach/QC/output/s03.fastp_and_qc.raw_data.list/ch125/fastp.ch125.html -j /work/zruilin/Peach/QC/output/s03.fastp_and_qc.raw_data.list/ch125/fastp.ch125.json -R ch125 
fastp v0.21.0, time used: 173 seconds
Started analysis of clean.ch125_EKDN220024211-1A_H3TGLDSX5_L3_1.fq.gz
Approx 5% complete for clean.ch125_EKDN220024211-1A_H3TGLDSX5_L3_1.fq.gz
Approx 10% complete for clean.ch125_EKDN220024211-1A_H3TGLDSX5_L3_1.fq.gz
Approx 15% complete for clean.ch125_EKDN220024211-1A_H3TGLDSX5_L3_1.fq.gz
Approx 20% complete for clean.ch125_EKDN220024211-1A_H3TGLDSX5_L3_1.fq.gz
Approx 25% complete for clean.ch125_EKDN220024211-1A_H3TGLDSX5_L3_1.fq.gz
Approx 30% complete for clean.ch125_EKDN220024211-1A_H3TGLDSX5_L3_1.fq.gz
Approx 35% complete for clean.ch125_EKDN220024211-1A_H3TGLDSX5_L3_1.fq.gz
Approx 40% complete for clean.ch125_EKDN220024211-1A_H3TGLDSX5_L3_1.fq.gz
Approx 45% complete for clean.ch125_EKDN220024211-1A_H3TGLDSX5_L3_1.fq.gz
Approx 50% complete for clean.ch125_EKDN220024211-1A_H3TGLDSX5_L3_1.fq.gz
Approx 55% complete for clean.ch125_EKDN220024211-1A_H3TGLDSX5_L3_1.fq.gz
Approx 60% complete for clean.ch125_EKDN220024211-1A_H3TGLDSX5_L3_1.fq.gz
Approx 65% complete for clean.ch125_EKDN220024211-1A_H3TGLDSX5_L3_1.fq.gz
Approx 70% complete for clean.ch125_EKDN220024211-1A_H3TGLDSX5_L3_1.fq.gz
Approx 75% complete for clean.ch125_EKDN220024211-1A_H3TGLDSX5_L3_1.fq.gz
Approx 80% complete for clean.ch125_EKDN220024211-1A_H3TGLDSX5_L3_1.fq.gz
Approx 85% complete for clean.ch125_EKDN220024211-1A_H3TGLDSX5_L3_1.fq.gz
Approx 90% complete for clean.ch125_EKDN220024211-1A_H3TGLDSX5_L3_1.fq.gz
Approx 95% complete for clean.ch125_EKDN220024211-1A_H3TGLDSX5_L3_1.fq.gz
Started analysis of clean.ch125_EKDN220024211-1A_H3TGLDSX5_L3_2.fq.gz
Approx 5% complete for clean.ch125_EKDN220024211-1A_H3TGLDSX5_L3_2.fq.gz
Approx 10% complete for clean.ch125_EKDN220024211-1A_H3TGLDSX5_L3_2.fq.gz
Approx 15% complete for clean.ch125_EKDN220024211-1A_H3TGLDSX5_L3_2.fq.gz
Approx 20% complete for clean.ch125_EKDN220024211-1A_H3TGLDSX5_L3_2.fq.gz
Approx 25% complete for clean.ch125_EKDN220024211-1A_H3TGLDSX5_L3_2.fq.gz
Approx 30% complete for clean.ch125_EKDN220024211-1A_H3TGLDSX5_L3_2.fq.gz
Approx 35% complete for clean.ch125_EKDN220024211-1A_H3TGLDSX5_L3_2.fq.gz
Approx 40% complete for clean.ch125_EKDN220024211-1A_H3TGLDSX5_L3_2.fq.gz
Approx 45% complete for clean.ch125_EKDN220024211-1A_H3TGLDSX5_L3_2.fq.gz
Approx 50% complete for clean.ch125_EKDN220024211-1A_H3TGLDSX5_L3_2.fq.gz
Approx 55% complete for clean.ch125_EKDN220024211-1A_H3TGLDSX5_L3_2.fq.gz
Approx 60% complete for clean.ch125_EKDN220024211-1A_H3TGLDSX5_L3_2.fq.gz
Approx 65% complete for clean.ch125_EKDN220024211-1A_H3TGLDSX5_L3_2.fq.gz
Approx 70% complete for clean.ch125_EKDN220024211-1A_H3TGLDSX5_L3_2.fq.gz
Approx 75% complete for clean.ch125_EKDN220024211-1A_H3TGLDSX5_L3_2.fq.gz
Approx 80% complete for clean.ch125_EKDN220024211-1A_H3TGLDSX5_L3_2.fq.gz
Approx 85% complete for clean.ch125_EKDN220024211-1A_H3TGLDSX5_L3_2.fq.gz
Approx 90% complete for clean.ch125_EKDN220024211-1A_H3TGLDSX5_L3_2.fq.gz
Approx 95% complete for clean.ch125_EKDN220024211-1A_H3TGLDSX5_L3_2.fq.gz
