Read1 before filtering:
total reads: 24856326
total bases: 3728448900
Q20 bases: 3618434949(97.0493%)
Q30 bases: 3428396889(91.9524%)

Read2 before filtering:
total reads: 24856326
total bases: 3728448900
Q20 bases: 3548863852(95.1834%)
Q30 bases: 3264419911(87.5544%)

Read1 after filtering:
total reads: 24659995
total bases: 3643179805
Q20 bases: 3540647322(97.1856%)
Q30 bases: 3355893918(92.1144%)

Read2 after filtering:
total reads: 24659995
total bases: 3643163764
Q20 bases: 3475859195(95.4077%)
Q30 bases: 3198633047(87.7982%)

Filtering result:
reads passed filter: 49319990
reads failed due to low quality: 324130
reads failed due to too many N: 0
reads failed due to too short: 68532
reads with adapter trimmed: 365272
bases trimmed due to adapters: 19593501

Duplication rate: 18.657%

Insert size peak (evaluated by paired-end reads): 269

JSON report: /work/zruilin/Peach/QC/output/s03.fastp_and_qc.raw_data.list/ch153_1/fastp.ch153_1.json
HTML report: /work/zruilin/Peach/QC/output/s03.fastp_and_qc.raw_data.list/ch153_1/fastp.ch153_1.html

fastp -f 2 -l 50 -i /work/zruilin/Peach/QC/input/peach_Illumina_novogene_25082022/merged_row_data/ch153_1/ch153_1_EKDN220024213-1A_H3N2VDSX5_L1_1.fq.gz -I /work/zruilin/Peach/QC/input/peach_Illumina_novogene_25082022/merged_row_data/ch153_1/ch153_1_EKDN220024213-1A_H3N2VDSX5_L1_2.fq.gz -o /work/zruilin/Peach/QC/output/s03.fastp_and_qc.raw_data.list/ch153_1/clean.ch153_1_EKDN220024213-1A_H3N2VDSX5_L1_1.fq.gz -O /work/zruilin/Peach/QC/output/s03.fastp_and_qc.raw_data.list/ch153_1/clean.ch153_1_EKDN220024213-1A_H3N2VDSX5_L1_2.fq.gz -h /work/zruilin/Peach/QC/output/s03.fastp_and_qc.raw_data.list/ch153_1/fastp.ch153_1.html -j /work/zruilin/Peach/QC/output/s03.fastp_and_qc.raw_data.list/ch153_1/fastp.ch153_1.json -R ch153_1 
fastp v0.21.0, time used: 872 seconds
Started analysis of clean.ch153_1_EKDN220024213-1A_H3N2VDSX5_L1_1.fq.gz
Approx 5% complete for clean.ch153_1_EKDN220024213-1A_H3N2VDSX5_L1_1.fq.gz
Approx 10% complete for clean.ch153_1_EKDN220024213-1A_H3N2VDSX5_L1_1.fq.gz
Approx 15% complete for clean.ch153_1_EKDN220024213-1A_H3N2VDSX5_L1_1.fq.gz
Approx 20% complete for clean.ch153_1_EKDN220024213-1A_H3N2VDSX5_L1_1.fq.gz
Approx 25% complete for clean.ch153_1_EKDN220024213-1A_H3N2VDSX5_L1_1.fq.gz
Approx 30% complete for clean.ch153_1_EKDN220024213-1A_H3N2VDSX5_L1_1.fq.gz
Approx 35% complete for clean.ch153_1_EKDN220024213-1A_H3N2VDSX5_L1_1.fq.gz
Approx 40% complete for clean.ch153_1_EKDN220024213-1A_H3N2VDSX5_L1_1.fq.gz
Approx 45% complete for clean.ch153_1_EKDN220024213-1A_H3N2VDSX5_L1_1.fq.gz
Approx 50% complete for clean.ch153_1_EKDN220024213-1A_H3N2VDSX5_L1_1.fq.gz
Approx 55% complete for clean.ch153_1_EKDN220024213-1A_H3N2VDSX5_L1_1.fq.gz
Approx 60% complete for clean.ch153_1_EKDN220024213-1A_H3N2VDSX5_L1_1.fq.gz
Approx 65% complete for clean.ch153_1_EKDN220024213-1A_H3N2VDSX5_L1_1.fq.gz
Approx 70% complete for clean.ch153_1_EKDN220024213-1A_H3N2VDSX5_L1_1.fq.gz
Approx 75% complete for clean.ch153_1_EKDN220024213-1A_H3N2VDSX5_L1_1.fq.gz
Approx 80% complete for clean.ch153_1_EKDN220024213-1A_H3N2VDSX5_L1_1.fq.gz
Approx 85% complete for clean.ch153_1_EKDN220024213-1A_H3N2VDSX5_L1_1.fq.gz
Approx 90% complete for clean.ch153_1_EKDN220024213-1A_H3N2VDSX5_L1_1.fq.gz
Approx 95% complete for clean.ch153_1_EKDN220024213-1A_H3N2VDSX5_L1_1.fq.gz
Started analysis of clean.ch153_1_EKDN220024213-1A_H3N2VDSX5_L1_2.fq.gz
Approx 5% complete for clean.ch153_1_EKDN220024213-1A_H3N2VDSX5_L1_2.fq.gz
Approx 10% complete for clean.ch153_1_EKDN220024213-1A_H3N2VDSX5_L1_2.fq.gz
Approx 15% complete for clean.ch153_1_EKDN220024213-1A_H3N2VDSX5_L1_2.fq.gz
Approx 20% complete for clean.ch153_1_EKDN220024213-1A_H3N2VDSX5_L1_2.fq.gz
Approx 25% complete for clean.ch153_1_EKDN220024213-1A_H3N2VDSX5_L1_2.fq.gz
Approx 30% complete for clean.ch153_1_EKDN220024213-1A_H3N2VDSX5_L1_2.fq.gz
Approx 35% complete for clean.ch153_1_EKDN220024213-1A_H3N2VDSX5_L1_2.fq.gz
Approx 40% complete for clean.ch153_1_EKDN220024213-1A_H3N2VDSX5_L1_2.fq.gz
Approx 45% complete for clean.ch153_1_EKDN220024213-1A_H3N2VDSX5_L1_2.fq.gz
Approx 50% complete for clean.ch153_1_EKDN220024213-1A_H3N2VDSX5_L1_2.fq.gz
Approx 55% complete for clean.ch153_1_EKDN220024213-1A_H3N2VDSX5_L1_2.fq.gz
Approx 60% complete for clean.ch153_1_EKDN220024213-1A_H3N2VDSX5_L1_2.fq.gz
Approx 65% complete for clean.ch153_1_EKDN220024213-1A_H3N2VDSX5_L1_2.fq.gz
Approx 70% complete for clean.ch153_1_EKDN220024213-1A_H3N2VDSX5_L1_2.fq.gz
Approx 75% complete for clean.ch153_1_EKDN220024213-1A_H3N2VDSX5_L1_2.fq.gz
Approx 80% complete for clean.ch153_1_EKDN220024213-1A_H3N2VDSX5_L1_2.fq.gz
Approx 85% complete for clean.ch153_1_EKDN220024213-1A_H3N2VDSX5_L1_2.fq.gz
Approx 90% complete for clean.ch153_1_EKDN220024213-1A_H3N2VDSX5_L1_2.fq.gz
Approx 95% complete for clean.ch153_1_EKDN220024213-1A_H3N2VDSX5_L1_2.fq.gz
