Read1 before filtering:
total reads: 20826383
total bases: 3123957450
Q20 bases: 3016890864(96.5727%)
Q30 bases: 2848073966(91.1688%)

Read2 before filtering:
total reads: 20826383
total bases: 3123957450
Q20 bases: 2997870415(95.9639%)
Q30 bases: 2802763399(89.7184%)

Read1 after filtering:
total reads: 20604096
total bases: 3043831563
Q20 bases: 2945840017(96.7807%)
Q30 bases: 2782842952(91.4257%)

Read2 after filtering:
total reads: 20604096
total bases: 3043817927
Q20 bases: 2930343808(96.272%)
Q30 bases: 2741819382(90.0783%)

Filtering result:
reads passed filter: 41208192
reads failed due to low quality: 371996
reads failed due to too many N: 4406
reads failed due to too short: 68172
reads with adapter trimmed: 305474
bases trimmed due to adapters: 17400160

Duplication rate: 12.5728%

Insert size peak (evaluated by paired-end reads): 269

JSON report: /work/zruilin/Peach/QC/output/s03.fastp_and_qc.raw_data.list/P_dav_V7_1/fastp.P_dav_V7_1.json
HTML report: /work/zruilin/Peach/QC/output/s03.fastp_and_qc.raw_data.list/P_dav_V7_1/fastp.P_dav_V7_1.html

fastp -f 2 -l 50 -i /work/zruilin/Peach/QC/input/peach_Illumina_novogene_25082022/merged_row_data/P_dav_V7_1/P_dav_V7_1_EKDN220024224-1A_H3MGWDSX5_L2_1.fq.gz -I /work/zruilin/Peach/QC/input/peach_Illumina_novogene_25082022/merged_row_data/P_dav_V7_1/P_dav_V7_1_EKDN220024224-1A_H3MGWDSX5_L2_2.fq.gz -o /work/zruilin/Peach/QC/output/s03.fastp_and_qc.raw_data.list/P_dav_V7_1/clean.P_dav_V7_1_EKDN220024224-1A_H3MGWDSX5_L2_1.fq.gz -O /work/zruilin/Peach/QC/output/s03.fastp_and_qc.raw_data.list/P_dav_V7_1/clean.P_dav_V7_1_EKDN220024224-1A_H3MGWDSX5_L2_2.fq.gz -h /work/zruilin/Peach/QC/output/s03.fastp_and_qc.raw_data.list/P_dav_V7_1/fastp.P_dav_V7_1.html -j /work/zruilin/Peach/QC/output/s03.fastp_and_qc.raw_data.list/P_dav_V7_1/fastp.P_dav_V7_1.json -R P_dav_V7_1 
fastp v0.21.0, time used: 721 seconds
Started analysis of clean.P_dav_V7_1_EKDN220024224-1A_H3MGWDSX5_L2_1.fq.gz
Approx 5% complete for clean.P_dav_V7_1_EKDN220024224-1A_H3MGWDSX5_L2_1.fq.gz
Approx 10% complete for clean.P_dav_V7_1_EKDN220024224-1A_H3MGWDSX5_L2_1.fq.gz
Approx 15% complete for clean.P_dav_V7_1_EKDN220024224-1A_H3MGWDSX5_L2_1.fq.gz
Approx 20% complete for clean.P_dav_V7_1_EKDN220024224-1A_H3MGWDSX5_L2_1.fq.gz
Approx 25% complete for clean.P_dav_V7_1_EKDN220024224-1A_H3MGWDSX5_L2_1.fq.gz
Approx 30% complete for clean.P_dav_V7_1_EKDN220024224-1A_H3MGWDSX5_L2_1.fq.gz
Approx 35% complete for clean.P_dav_V7_1_EKDN220024224-1A_H3MGWDSX5_L2_1.fq.gz
Approx 40% complete for clean.P_dav_V7_1_EKDN220024224-1A_H3MGWDSX5_L2_1.fq.gz
Approx 45% complete for clean.P_dav_V7_1_EKDN220024224-1A_H3MGWDSX5_L2_1.fq.gz
Approx 50% complete for clean.P_dav_V7_1_EKDN220024224-1A_H3MGWDSX5_L2_1.fq.gz
Approx 55% complete for clean.P_dav_V7_1_EKDN220024224-1A_H3MGWDSX5_L2_1.fq.gz
Approx 60% complete for clean.P_dav_V7_1_EKDN220024224-1A_H3MGWDSX5_L2_1.fq.gz
Approx 65% complete for clean.P_dav_V7_1_EKDN220024224-1A_H3MGWDSX5_L2_1.fq.gz
Approx 70% complete for clean.P_dav_V7_1_EKDN220024224-1A_H3MGWDSX5_L2_1.fq.gz
Approx 75% complete for clean.P_dav_V7_1_EKDN220024224-1A_H3MGWDSX5_L2_1.fq.gz
Approx 80% complete for clean.P_dav_V7_1_EKDN220024224-1A_H3MGWDSX5_L2_1.fq.gz
Approx 85% complete for clean.P_dav_V7_1_EKDN220024224-1A_H3MGWDSX5_L2_1.fq.gz
Approx 90% complete for clean.P_dav_V7_1_EKDN220024224-1A_H3MGWDSX5_L2_1.fq.gz
Approx 95% complete for clean.P_dav_V7_1_EKDN220024224-1A_H3MGWDSX5_L2_1.fq.gz
Started analysis of clean.P_dav_V7_1_EKDN220024224-1A_H3MGWDSX5_L2_2.fq.gz
Approx 5% complete for clean.P_dav_V7_1_EKDN220024224-1A_H3MGWDSX5_L2_2.fq.gz
Approx 10% complete for clean.P_dav_V7_1_EKDN220024224-1A_H3MGWDSX5_L2_2.fq.gz
Approx 15% complete for clean.P_dav_V7_1_EKDN220024224-1A_H3MGWDSX5_L2_2.fq.gz
Approx 20% complete for clean.P_dav_V7_1_EKDN220024224-1A_H3MGWDSX5_L2_2.fq.gz
Approx 25% complete for clean.P_dav_V7_1_EKDN220024224-1A_H3MGWDSX5_L2_2.fq.gz
Approx 30% complete for clean.P_dav_V7_1_EKDN220024224-1A_H3MGWDSX5_L2_2.fq.gz
Approx 35% complete for clean.P_dav_V7_1_EKDN220024224-1A_H3MGWDSX5_L2_2.fq.gz
Approx 40% complete for clean.P_dav_V7_1_EKDN220024224-1A_H3MGWDSX5_L2_2.fq.gz
Approx 45% complete for clean.P_dav_V7_1_EKDN220024224-1A_H3MGWDSX5_L2_2.fq.gz
Approx 50% complete for clean.P_dav_V7_1_EKDN220024224-1A_H3MGWDSX5_L2_2.fq.gz
Approx 55% complete for clean.P_dav_V7_1_EKDN220024224-1A_H3MGWDSX5_L2_2.fq.gz
Approx 60% complete for clean.P_dav_V7_1_EKDN220024224-1A_H3MGWDSX5_L2_2.fq.gz
Approx 65% complete for clean.P_dav_V7_1_EKDN220024224-1A_H3MGWDSX5_L2_2.fq.gz
Approx 70% complete for clean.P_dav_V7_1_EKDN220024224-1A_H3MGWDSX5_L2_2.fq.gz
Approx 75% complete for clean.P_dav_V7_1_EKDN220024224-1A_H3MGWDSX5_L2_2.fq.gz
Approx 80% complete for clean.P_dav_V7_1_EKDN220024224-1A_H3MGWDSX5_L2_2.fq.gz
Approx 85% complete for clean.P_dav_V7_1_EKDN220024224-1A_H3MGWDSX5_L2_2.fq.gz
Approx 90% complete for clean.P_dav_V7_1_EKDN220024224-1A_H3MGWDSX5_L2_2.fq.gz
Approx 95% complete for clean.P_dav_V7_1_EKDN220024224-1A_H3MGWDSX5_L2_2.fq.gz
