Read1 before filtering:
total reads: 21744239
total bases: 3261635850
Q20 bases: 3156472602(96.7758%)
Q30 bases: 2978341121(91.3143%)

Read2 before filtering:
total reads: 21744239
total bases: 3261635850
Q20 bases: 3109789295(95.3445%)
Q30 bases: 2868597508(87.9497%)

Read1 after filtering:
total reads: 21567517
total bases: 3184710346
Q20 bases: 3086688584(96.9221%)
Q30 bases: 2913727078(91.4911%)

Read2 after filtering:
total reads: 21567517
total bases: 3184705794
Q20 bases: 3044191025(95.5878%)
Q30 bases: 2809620865(88.2223%)

Filtering result:
reads passed filter: 43135034
reads failed due to low quality: 284114
reads failed due to too many N: 0
reads failed due to too short: 69330
reads with adapter trimmed: 413154
bases trimmed due to adapters: 21257667

Duplication rate: 15.2415%

Insert size peak (evaluated by paired-end reads): 269

JSON report: /work/zruilin/Peach/QC/output/s03.fastp_and_qc.raw_data.list/Prunus_kans_4/fastp.Prunus_kans_4.json
HTML report: /work/zruilin/Peach/QC/output/s03.fastp_and_qc.raw_data.list/Prunus_kans_4/fastp.Prunus_kans_4.html

fastp -f 2 -l 50 -i /work/zruilin/Peach/QC/input/peach_Illumina_novogene_25082022/merged_row_data/Prunus_kans_4/Prunus_kans_4_EKDN220024228-1A_H3N2VDSX5_L2_1.fq.gz -I /work/zruilin/Peach/QC/input/peach_Illumina_novogene_25082022/merged_row_data/Prunus_kans_4/Prunus_kans_4_EKDN220024228-1A_H3N2VDSX5_L2_2.fq.gz -o /work/zruilin/Peach/QC/output/s03.fastp_and_qc.raw_data.list/Prunus_kans_4/clean.Prunus_kans_4_EKDN220024228-1A_H3N2VDSX5_L2_1.fq.gz -O /work/zruilin/Peach/QC/output/s03.fastp_and_qc.raw_data.list/Prunus_kans_4/clean.Prunus_kans_4_EKDN220024228-1A_H3N2VDSX5_L2_2.fq.gz -h /work/zruilin/Peach/QC/output/s03.fastp_and_qc.raw_data.list/Prunus_kans_4/fastp.Prunus_kans_4.html -j /work/zruilin/Peach/QC/output/s03.fastp_and_qc.raw_data.list/Prunus_kans_4/fastp.Prunus_kans_4.json -R Prunus_kans_4 
fastp v0.21.0, time used: 766 seconds
Started analysis of clean.Prunus_kans_4_EKDN220024228-1A_H3N2VDSX5_L2_1.fq.gz
Approx 5% complete for clean.Prunus_kans_4_EKDN220024228-1A_H3N2VDSX5_L2_1.fq.gz
Approx 10% complete for clean.Prunus_kans_4_EKDN220024228-1A_H3N2VDSX5_L2_1.fq.gz
Approx 15% complete for clean.Prunus_kans_4_EKDN220024228-1A_H3N2VDSX5_L2_1.fq.gz
Approx 20% complete for clean.Prunus_kans_4_EKDN220024228-1A_H3N2VDSX5_L2_1.fq.gz
Approx 25% complete for clean.Prunus_kans_4_EKDN220024228-1A_H3N2VDSX5_L2_1.fq.gz
Approx 30% complete for clean.Prunus_kans_4_EKDN220024228-1A_H3N2VDSX5_L2_1.fq.gz
Approx 35% complete for clean.Prunus_kans_4_EKDN220024228-1A_H3N2VDSX5_L2_1.fq.gz
Approx 40% complete for clean.Prunus_kans_4_EKDN220024228-1A_H3N2VDSX5_L2_1.fq.gz
Approx 45% complete for clean.Prunus_kans_4_EKDN220024228-1A_H3N2VDSX5_L2_1.fq.gz
Approx 50% complete for clean.Prunus_kans_4_EKDN220024228-1A_H3N2VDSX5_L2_1.fq.gz
Approx 55% complete for clean.Prunus_kans_4_EKDN220024228-1A_H3N2VDSX5_L2_1.fq.gz
Approx 60% complete for clean.Prunus_kans_4_EKDN220024228-1A_H3N2VDSX5_L2_1.fq.gz
Approx 65% complete for clean.Prunus_kans_4_EKDN220024228-1A_H3N2VDSX5_L2_1.fq.gz
Approx 70% complete for clean.Prunus_kans_4_EKDN220024228-1A_H3N2VDSX5_L2_1.fq.gz
Approx 75% complete for clean.Prunus_kans_4_EKDN220024228-1A_H3N2VDSX5_L2_1.fq.gz
Approx 80% complete for clean.Prunus_kans_4_EKDN220024228-1A_H3N2VDSX5_L2_1.fq.gz
Approx 85% complete for clean.Prunus_kans_4_EKDN220024228-1A_H3N2VDSX5_L2_1.fq.gz
Approx 90% complete for clean.Prunus_kans_4_EKDN220024228-1A_H3N2VDSX5_L2_1.fq.gz
Approx 95% complete for clean.Prunus_kans_4_EKDN220024228-1A_H3N2VDSX5_L2_1.fq.gz
Started analysis of clean.Prunus_kans_4_EKDN220024228-1A_H3N2VDSX5_L2_2.fq.gz
Approx 5% complete for clean.Prunus_kans_4_EKDN220024228-1A_H3N2VDSX5_L2_2.fq.gz
Approx 10% complete for clean.Prunus_kans_4_EKDN220024228-1A_H3N2VDSX5_L2_2.fq.gz
Approx 15% complete for clean.Prunus_kans_4_EKDN220024228-1A_H3N2VDSX5_L2_2.fq.gz
Approx 20% complete for clean.Prunus_kans_4_EKDN220024228-1A_H3N2VDSX5_L2_2.fq.gz
Approx 25% complete for clean.Prunus_kans_4_EKDN220024228-1A_H3N2VDSX5_L2_2.fq.gz
Approx 30% complete for clean.Prunus_kans_4_EKDN220024228-1A_H3N2VDSX5_L2_2.fq.gz
Approx 35% complete for clean.Prunus_kans_4_EKDN220024228-1A_H3N2VDSX5_L2_2.fq.gz
Approx 40% complete for clean.Prunus_kans_4_EKDN220024228-1A_H3N2VDSX5_L2_2.fq.gz
Approx 45% complete for clean.Prunus_kans_4_EKDN220024228-1A_H3N2VDSX5_L2_2.fq.gz
Approx 50% complete for clean.Prunus_kans_4_EKDN220024228-1A_H3N2VDSX5_L2_2.fq.gz
Approx 55% complete for clean.Prunus_kans_4_EKDN220024228-1A_H3N2VDSX5_L2_2.fq.gz
Approx 60% complete for clean.Prunus_kans_4_EKDN220024228-1A_H3N2VDSX5_L2_2.fq.gz
Approx 65% complete for clean.Prunus_kans_4_EKDN220024228-1A_H3N2VDSX5_L2_2.fq.gz
Approx 70% complete for clean.Prunus_kans_4_EKDN220024228-1A_H3N2VDSX5_L2_2.fq.gz
Approx 75% complete for clean.Prunus_kans_4_EKDN220024228-1A_H3N2VDSX5_L2_2.fq.gz
Approx 80% complete for clean.Prunus_kans_4_EKDN220024228-1A_H3N2VDSX5_L2_2.fq.gz
Approx 85% complete for clean.Prunus_kans_4_EKDN220024228-1A_H3N2VDSX5_L2_2.fq.gz
Approx 90% complete for clean.Prunus_kans_4_EKDN220024228-1A_H3N2VDSX5_L2_2.fq.gz
Approx 95% complete for clean.Prunus_kans_4_EKDN220024228-1A_H3N2VDSX5_L2_2.fq.gz
