Error to read gzip file
ERROR: file '/work/zruilin/Peach/QC/input/peach_Illumina_novogene_25082022/merged_row_data/S5510/S5510_EKDN220024245-1A_H3MGWDSX5_L3_1.fq.gz' doesn't exist, quit now
Read1 before filtering:
total reads: 6406543
total bases: 960981450
Q20 bases: 933792399(97.1707%)
Q30 bases: 886102674(92.2081%)

Read2 before filtering:
total reads: 6406543
total bases: 960981450
Q20 bases: 901908728(93.8529%)
Q30 bases: 820284678(85.3591%)

Read1 after filtering:
total reads: 6319630
total bases: 932207830
Q20 bases: 908158470(97.4202%)
Q30 bases: 862699184(92.5437%)

Read2 after filtering:
total reads: 6319630
total bases: 932186931
Q20 bases: 879391659(94.3364%)
Q30 bases: 800886648(85.9148%)

Filtering result:
reads passed filter: 12639260
reads failed due to low quality: 144234
reads failed due to too many N: 2220
reads failed due to too short: 27372
reads with adapter trimmed: 163212
bases trimmed due to adapters: 8897792

Duplication rate: 16.8704%

Insert size peak (evaluated by paired-end reads): 269

JSON report: /work/zruilin/Peach/QC/output/s03.fastp_and_qc.raw_data.list/S5510/fastp.S5510.json
HTML report: /work/zruilin/Peach/QC/output/s03.fastp_and_qc.raw_data.list/S5510/fastp.S5510.html

fastp -f 2 -l 50 -i /work/zruilin/Peach/QC/input/peach_Illumina_novogene_25082022/merged_row_data/S5510/S5510_EKDN220024245-1A_H3NGMDSX5_L3_1.fq.gz -I /work/zruilin/Peach/QC/input/peach_Illumina_novogene_25082022/merged_row_data/S5510/S5510_EKDN220024245-1A_H3NGMDSX5_L3_2.fq.gz -o /work/zruilin/Peach/QC/output/s03.fastp_and_qc.raw_data.list/S5510/clean.S5510_EKDN220024245-1A_H3NGMDSX5_L3_1.fq.gz -O /work/zruilin/Peach/QC/output/s03.fastp_and_qc.raw_data.list/S5510/clean.S5510_EKDN220024245-1A_H3NGMDSX5_L3_2.fq.gz -h /work/zruilin/Peach/QC/output/s03.fastp_and_qc.raw_data.list/S5510/fastp.S5510.html -j /work/zruilin/Peach/QC/output/s03.fastp_and_qc.raw_data.list/S5510/fastp.S5510.json -R S5510 
fastp v0.21.0, time used: 189 seconds
Started analysis of clean.S5510_EKDN220024245-1A_H3NGMDSX5_L3_1.fq.gz
Approx 5% complete for clean.S5510_EKDN220024245-1A_H3NGMDSX5_L3_1.fq.gz
Approx 10% complete for clean.S5510_EKDN220024245-1A_H3NGMDSX5_L3_1.fq.gz
Approx 15% complete for clean.S5510_EKDN220024245-1A_H3NGMDSX5_L3_1.fq.gz
Approx 20% complete for clean.S5510_EKDN220024245-1A_H3NGMDSX5_L3_1.fq.gz
Approx 25% complete for clean.S5510_EKDN220024245-1A_H3NGMDSX5_L3_1.fq.gz
Approx 30% complete for clean.S5510_EKDN220024245-1A_H3NGMDSX5_L3_1.fq.gz
Approx 35% complete for clean.S5510_EKDN220024245-1A_H3NGMDSX5_L3_1.fq.gz
Approx 40% complete for clean.S5510_EKDN220024245-1A_H3NGMDSX5_L3_1.fq.gz
Approx 45% complete for clean.S5510_EKDN220024245-1A_H3NGMDSX5_L3_1.fq.gz
Approx 50% complete for clean.S5510_EKDN220024245-1A_H3NGMDSX5_L3_1.fq.gz
Approx 55% complete for clean.S5510_EKDN220024245-1A_H3NGMDSX5_L3_1.fq.gz
Approx 60% complete for clean.S5510_EKDN220024245-1A_H3NGMDSX5_L3_1.fq.gz
Approx 65% complete for clean.S5510_EKDN220024245-1A_H3NGMDSX5_L3_1.fq.gz
Approx 70% complete for clean.S5510_EKDN220024245-1A_H3NGMDSX5_L3_1.fq.gz
Approx 75% complete for clean.S5510_EKDN220024245-1A_H3NGMDSX5_L3_1.fq.gz
Approx 80% complete for clean.S5510_EKDN220024245-1A_H3NGMDSX5_L3_1.fq.gz
Approx 85% complete for clean.S5510_EKDN220024245-1A_H3NGMDSX5_L3_1.fq.gz
Approx 90% complete for clean.S5510_EKDN220024245-1A_H3NGMDSX5_L3_1.fq.gz
Approx 95% complete for clean.S5510_EKDN220024245-1A_H3NGMDSX5_L3_1.fq.gz
Started analysis of clean.S5510_EKDN220024245-1A_H3NGMDSX5_L3_2.fq.gz
Approx 5% complete for clean.S5510_EKDN220024245-1A_H3NGMDSX5_L3_2.fq.gz
Approx 10% complete for clean.S5510_EKDN220024245-1A_H3NGMDSX5_L3_2.fq.gz
Approx 15% complete for clean.S5510_EKDN220024245-1A_H3NGMDSX5_L3_2.fq.gz
Approx 20% complete for clean.S5510_EKDN220024245-1A_H3NGMDSX5_L3_2.fq.gz
Approx 25% complete for clean.S5510_EKDN220024245-1A_H3NGMDSX5_L3_2.fq.gz
Approx 30% complete for clean.S5510_EKDN220024245-1A_H3NGMDSX5_L3_2.fq.gz
Approx 35% complete for clean.S5510_EKDN220024245-1A_H3NGMDSX5_L3_2.fq.gz
Approx 40% complete for clean.S5510_EKDN220024245-1A_H3NGMDSX5_L3_2.fq.gz
Approx 45% complete for clean.S5510_EKDN220024245-1A_H3NGMDSX5_L3_2.fq.gz
Approx 50% complete for clean.S5510_EKDN220024245-1A_H3NGMDSX5_L3_2.fq.gz
Approx 55% complete for clean.S5510_EKDN220024245-1A_H3NGMDSX5_L3_2.fq.gz
Approx 60% complete for clean.S5510_EKDN220024245-1A_H3NGMDSX5_L3_2.fq.gz
Approx 65% complete for clean.S5510_EKDN220024245-1A_H3NGMDSX5_L3_2.fq.gz
Approx 70% complete for clean.S5510_EKDN220024245-1A_H3NGMDSX5_L3_2.fq.gz
Approx 75% complete for clean.S5510_EKDN220024245-1A_H3NGMDSX5_L3_2.fq.gz
Approx 80% complete for clean.S5510_EKDN220024245-1A_H3NGMDSX5_L3_2.fq.gz
Approx 85% complete for clean.S5510_EKDN220024245-1A_H3NGMDSX5_L3_2.fq.gz
Approx 90% complete for clean.S5510_EKDN220024245-1A_H3NGMDSX5_L3_2.fq.gz
Approx 95% complete for clean.S5510_EKDN220024245-1A_H3NGMDSX5_L3_2.fq.gz
