Read1 before filtering:
total reads: 14074762
total bases: 2111214300
Q20 bases: 2042970244(96.7675%)
Q30 bases: 1933308000(91.5733%)

Read2 before filtering:
total reads: 14074762
total bases: 2111214300
Q20 bases: 2010765084(95.2421%)
Q30 bases: 1862442563(88.2167%)

Read1 after filtering:
total reads: 13917872
total bases: 2055205913
Q20 bases: 1993041981(96.9753%)
Q30 bases: 1887493389(91.8396%)

Read2 after filtering:
total reads: 13917872
total bases: 2055189370
Q20 bases: 1964782497(95.601%)
Q30 bases: 1821589963(88.6337%)

Filtering result:
reads passed filter: 27835744
reads failed due to low quality: 268546
reads failed due to too many N: 2918
reads failed due to too short: 42316
reads with adapter trimmed: 258916
bases trimmed due to adapters: 13141689

Duplication rate: 12.2954%

Insert size peak (evaluated by paired-end reads): 269

JSON report: /work/zruilin/Peach/QC/output/s03.fastp_and_qc.raw_data.list/S8315/fastp.S8315.json
HTML report: /work/zruilin/Peach/QC/output/s03.fastp_and_qc.raw_data.list/S8315/fastp.S8315.html

fastp -f 2 -l 50 -i /work/zruilin/Peach/QC/input/peach_Illumina_novogene_25082022/merged_row_data/S8315/S8315_EKDN220024259-1A_H3MGWDSX5_L2_1.fq.gz -I /work/zruilin/Peach/QC/input/peach_Illumina_novogene_25082022/merged_row_data/S8315/S8315_EKDN220024259-1A_H3MGWDSX5_L2_2.fq.gz -o /work/zruilin/Peach/QC/output/s03.fastp_and_qc.raw_data.list/S8315/clean.S8315_EKDN220024259-1A_H3MGWDSX5_L2_1.fq.gz -O /work/zruilin/Peach/QC/output/s03.fastp_and_qc.raw_data.list/S8315/clean.S8315_EKDN220024259-1A_H3MGWDSX5_L2_2.fq.gz -h /work/zruilin/Peach/QC/output/s03.fastp_and_qc.raw_data.list/S8315/fastp.S8315.html -j /work/zruilin/Peach/QC/output/s03.fastp_and_qc.raw_data.list/S8315/fastp.S8315.json -R S8315 
fastp v0.21.0, time used: 491 seconds
Started analysis of clean.S8315_EKDN220024259-1A_H3MGWDSX5_L2_1.fq.gz
Approx 5% complete for clean.S8315_EKDN220024259-1A_H3MGWDSX5_L2_1.fq.gz
Approx 10% complete for clean.S8315_EKDN220024259-1A_H3MGWDSX5_L2_1.fq.gz
Approx 15% complete for clean.S8315_EKDN220024259-1A_H3MGWDSX5_L2_1.fq.gz
Approx 20% complete for clean.S8315_EKDN220024259-1A_H3MGWDSX5_L2_1.fq.gz
Approx 25% complete for clean.S8315_EKDN220024259-1A_H3MGWDSX5_L2_1.fq.gz
Approx 30% complete for clean.S8315_EKDN220024259-1A_H3MGWDSX5_L2_1.fq.gz
Approx 35% complete for clean.S8315_EKDN220024259-1A_H3MGWDSX5_L2_1.fq.gz
Approx 40% complete for clean.S8315_EKDN220024259-1A_H3MGWDSX5_L2_1.fq.gz
Approx 45% complete for clean.S8315_EKDN220024259-1A_H3MGWDSX5_L2_1.fq.gz
Approx 50% complete for clean.S8315_EKDN220024259-1A_H3MGWDSX5_L2_1.fq.gz
Approx 55% complete for clean.S8315_EKDN220024259-1A_H3MGWDSX5_L2_1.fq.gz
Approx 60% complete for clean.S8315_EKDN220024259-1A_H3MGWDSX5_L2_1.fq.gz
Approx 65% complete for clean.S8315_EKDN220024259-1A_H3MGWDSX5_L2_1.fq.gz
Approx 70% complete for clean.S8315_EKDN220024259-1A_H3MGWDSX5_L2_1.fq.gz
Approx 75% complete for clean.S8315_EKDN220024259-1A_H3MGWDSX5_L2_1.fq.gz
Approx 80% complete for clean.S8315_EKDN220024259-1A_H3MGWDSX5_L2_1.fq.gz
Approx 85% complete for clean.S8315_EKDN220024259-1A_H3MGWDSX5_L2_1.fq.gz
Approx 90% complete for clean.S8315_EKDN220024259-1A_H3MGWDSX5_L2_1.fq.gz
Approx 95% complete for clean.S8315_EKDN220024259-1A_H3MGWDSX5_L2_1.fq.gz
Started analysis of clean.S8315_EKDN220024259-1A_H3MGWDSX5_L2_2.fq.gz
Approx 5% complete for clean.S8315_EKDN220024259-1A_H3MGWDSX5_L2_2.fq.gz
Approx 10% complete for clean.S8315_EKDN220024259-1A_H3MGWDSX5_L2_2.fq.gz
Approx 15% complete for clean.S8315_EKDN220024259-1A_H3MGWDSX5_L2_2.fq.gz
Approx 20% complete for clean.S8315_EKDN220024259-1A_H3MGWDSX5_L2_2.fq.gz
Approx 25% complete for clean.S8315_EKDN220024259-1A_H3MGWDSX5_L2_2.fq.gz
Approx 30% complete for clean.S8315_EKDN220024259-1A_H3MGWDSX5_L2_2.fq.gz
Approx 35% complete for clean.S8315_EKDN220024259-1A_H3MGWDSX5_L2_2.fq.gz
Approx 40% complete for clean.S8315_EKDN220024259-1A_H3MGWDSX5_L2_2.fq.gz
Approx 45% complete for clean.S8315_EKDN220024259-1A_H3MGWDSX5_L2_2.fq.gz
Approx 50% complete for clean.S8315_EKDN220024259-1A_H3MGWDSX5_L2_2.fq.gz
Approx 55% complete for clean.S8315_EKDN220024259-1A_H3MGWDSX5_L2_2.fq.gz
Approx 60% complete for clean.S8315_EKDN220024259-1A_H3MGWDSX5_L2_2.fq.gz
Approx 65% complete for clean.S8315_EKDN220024259-1A_H3MGWDSX5_L2_2.fq.gz
Approx 70% complete for clean.S8315_EKDN220024259-1A_H3MGWDSX5_L2_2.fq.gz
Approx 75% complete for clean.S8315_EKDN220024259-1A_H3MGWDSX5_L2_2.fq.gz
Approx 80% complete for clean.S8315_EKDN220024259-1A_H3MGWDSX5_L2_2.fq.gz
Approx 85% complete for clean.S8315_EKDN220024259-1A_H3MGWDSX5_L2_2.fq.gz
Approx 90% complete for clean.S8315_EKDN220024259-1A_H3MGWDSX5_L2_2.fq.gz
Approx 95% complete for clean.S8315_EKDN220024259-1A_H3MGWDSX5_L2_2.fq.gz
Read1 before filtering:
total reads: 8572586
total bases: 1285887900
Q20 bases: 1241959321(96.5838%)
Q30 bases: 1167861019(90.8214%)

Read2 before filtering:
total reads: 8572586
total bases: 1285887900
Q20 bases: 1197640949(93.1373%)
Q30 bases: 1077303552(83.779%)

Read1 after filtering:
total reads: 8481781
total bases: 1252354022
Q20 bases: 1211648030(96.7496%)
Q30 bases: 1139926276(91.0227%)

Read2 after filtering:
total reads: 8481781
total bases: 1252330230
Q20 bases: 1170286777(93.4487%)
Q30 bases: 1053393596(84.1147%)

Filtering result:
reads passed filter: 16963562
reads failed due to low quality: 154032
reads failed due to too many N: 902
reads failed due to too short: 26676
reads with adapter trimmed: 163184
bases trimmed due to adapters: 8552473

Duplication rate: 16.1798%

Insert size peak (evaluated by paired-end reads): 269

JSON report: /work/zruilin/Peach/QC/output/s03.fastp_and_qc.raw_data.list/S8315/fastp.S8315.json
HTML report: /work/zruilin/Peach/QC/output/s03.fastp_and_qc.raw_data.list/S8315/fastp.S8315.html

fastp -f 2 -l 50 -i /work/zruilin/Peach/QC/input/peach_Illumina_novogene_25082022/merged_row_data/S8315/S8315_EKDN220024259-1A_H3TGLDSX5_L3_1.fq.gz -I /work/zruilin/Peach/QC/input/peach_Illumina_novogene_25082022/merged_row_data/S8315/S8315_EKDN220024259-1A_H3TGLDSX5_L3_2.fq.gz -o /work/zruilin/Peach/QC/output/s03.fastp_and_qc.raw_data.list/S8315/clean.S8315_EKDN220024259-1A_H3TGLDSX5_L3_1.fq.gz -O /work/zruilin/Peach/QC/output/s03.fastp_and_qc.raw_data.list/S8315/clean.S8315_EKDN220024259-1A_H3TGLDSX5_L3_2.fq.gz -h /work/zruilin/Peach/QC/output/s03.fastp_and_qc.raw_data.list/S8315/fastp.S8315.html -j /work/zruilin/Peach/QC/output/s03.fastp_and_qc.raw_data.list/S8315/fastp.S8315.json -R S8315 
fastp v0.21.0, time used: 307 seconds
Started analysis of clean.S8315_EKDN220024259-1A_H3TGLDSX5_L3_1.fq.gz
Approx 5% complete for clean.S8315_EKDN220024259-1A_H3TGLDSX5_L3_1.fq.gz
Approx 10% complete for clean.S8315_EKDN220024259-1A_H3TGLDSX5_L3_1.fq.gz
Approx 15% complete for clean.S8315_EKDN220024259-1A_H3TGLDSX5_L3_1.fq.gz
Approx 20% complete for clean.S8315_EKDN220024259-1A_H3TGLDSX5_L3_1.fq.gz
Approx 25% complete for clean.S8315_EKDN220024259-1A_H3TGLDSX5_L3_1.fq.gz
Approx 30% complete for clean.S8315_EKDN220024259-1A_H3TGLDSX5_L3_1.fq.gz
Approx 35% complete for clean.S8315_EKDN220024259-1A_H3TGLDSX5_L3_1.fq.gz
Approx 40% complete for clean.S8315_EKDN220024259-1A_H3TGLDSX5_L3_1.fq.gz
Approx 45% complete for clean.S8315_EKDN220024259-1A_H3TGLDSX5_L3_1.fq.gz
Approx 50% complete for clean.S8315_EKDN220024259-1A_H3TGLDSX5_L3_1.fq.gz
Approx 55% complete for clean.S8315_EKDN220024259-1A_H3TGLDSX5_L3_1.fq.gz
Approx 60% complete for clean.S8315_EKDN220024259-1A_H3TGLDSX5_L3_1.fq.gz
Approx 65% complete for clean.S8315_EKDN220024259-1A_H3TGLDSX5_L3_1.fq.gz
Approx 70% complete for clean.S8315_EKDN220024259-1A_H3TGLDSX5_L3_1.fq.gz
Approx 75% complete for clean.S8315_EKDN220024259-1A_H3TGLDSX5_L3_1.fq.gz
Approx 80% complete for clean.S8315_EKDN220024259-1A_H3TGLDSX5_L3_1.fq.gz
Approx 85% complete for clean.S8315_EKDN220024259-1A_H3TGLDSX5_L3_1.fq.gz
Approx 90% complete for clean.S8315_EKDN220024259-1A_H3TGLDSX5_L3_1.fq.gz
Approx 95% complete for clean.S8315_EKDN220024259-1A_H3TGLDSX5_L3_1.fq.gz
Started analysis of clean.S8315_EKDN220024259-1A_H3TGLDSX5_L3_2.fq.gz
Approx 5% complete for clean.S8315_EKDN220024259-1A_H3TGLDSX5_L3_2.fq.gz
Approx 10% complete for clean.S8315_EKDN220024259-1A_H3TGLDSX5_L3_2.fq.gz
Approx 15% complete for clean.S8315_EKDN220024259-1A_H3TGLDSX5_L3_2.fq.gz
Approx 20% complete for clean.S8315_EKDN220024259-1A_H3TGLDSX5_L3_2.fq.gz
Approx 25% complete for clean.S8315_EKDN220024259-1A_H3TGLDSX5_L3_2.fq.gz
Approx 30% complete for clean.S8315_EKDN220024259-1A_H3TGLDSX5_L3_2.fq.gz
Approx 35% complete for clean.S8315_EKDN220024259-1A_H3TGLDSX5_L3_2.fq.gz
Approx 40% complete for clean.S8315_EKDN220024259-1A_H3TGLDSX5_L3_2.fq.gz
Approx 45% complete for clean.S8315_EKDN220024259-1A_H3TGLDSX5_L3_2.fq.gz
Approx 50% complete for clean.S8315_EKDN220024259-1A_H3TGLDSX5_L3_2.fq.gz
Approx 55% complete for clean.S8315_EKDN220024259-1A_H3TGLDSX5_L3_2.fq.gz
Approx 60% complete for clean.S8315_EKDN220024259-1A_H3TGLDSX5_L3_2.fq.gz
Approx 65% complete for clean.S8315_EKDN220024259-1A_H3TGLDSX5_L3_2.fq.gz
Approx 70% complete for clean.S8315_EKDN220024259-1A_H3TGLDSX5_L3_2.fq.gz
Approx 75% complete for clean.S8315_EKDN220024259-1A_H3TGLDSX5_L3_2.fq.gz
Approx 80% complete for clean.S8315_EKDN220024259-1A_H3TGLDSX5_L3_2.fq.gz
Approx 85% complete for clean.S8315_EKDN220024259-1A_H3TGLDSX5_L3_2.fq.gz
Approx 90% complete for clean.S8315_EKDN220024259-1A_H3TGLDSX5_L3_2.fq.gz
Approx 95% complete for clean.S8315_EKDN220024259-1A_H3TGLDSX5_L3_2.fq.gz
