PLINK v1.90b5.3 64-bit (21 Feb 2018)
Options in effect:
  --allow-extra-chr
  --bfile /home/zruilin/work/Peach/run_PCA_plink/input/Combine_Chr.geno20_maf005.anno.syno.thin8k
  --pca

Hostname: node117
Working directory: /work/zruilin/Peach/run_PCA_plink/bin
Start time: Tue Nov  8 18:29:04 2022

Random number seed: 1667928552
257686 MB RAM detected; reserving 128843 MB for main workspace.
Allocated 72474 MB successfully, after larger attempt(s) failed.
13883 variants loaded from .bim file.
55 people (0 males, 0 females, 55 ambiguous) loaded from .fam.
Ambiguous sex IDs written to plink.nosex .
Using up to 63 threads (change this with --threads).
Before main variant filters, 55 founders and 0 nonfounders present.
Calculating allele frequencies... done.
Total genotyping rate is 0.982135.
13883 variants and 55 people pass filters and QC.
Note: No phenotypes present.
Relationship matrix calculation complete.
--pca: Results saved to plink.eigenval and plink.eigenvec .

End time: Tue Nov  8 18:29:55 2022
