PLINK v2.00a2LM 64-bit Intel (29 Apr 2019)
Options in effect:
  --allow-extra-chr
  --bfile ../output/Pear.Zhang_2021.test_rand
  --king-cutoff 0.354
  --make-bed
  --make-king-table

Hostname: genologin2
Working directory: /work/zruilin/pear/pre_run_plink2_Kinship_to_choose_individuals_from_Zhang_2021/bin
Start time: Wed Dec  7 17:23:47 2022

Random number seed: 1670430227
515702 MiB RAM detected; reserving 257851 MiB for main workspace.
Using up to 64 threads (change this with --threads).
332 samples (0 females, 0 males, 332 ambiguous; 332 founders) loaded from
../output/Pear.Zhang_2021.test_rand.fam.
30767 variants loaded from ../output/Pear.Zhang_2021.test_rand.bim.
Note: No phenotype data present.
--make-king-table: Scanning for singletons and monomorphic variants... done.
No singletons/monomorphics found.
--make-king-table: 30767 variants processed.
Results written to plink2.kin0 .
--king-cutoff: Excluded sample IDs written to plink2.king.cutoff.out.id , and
251 remaining sample IDs written to plink2.king.cutoff.in.id .
Writing plink2.fam ... done.
Writing plink2.bim ... done.
Writing plink2.bed ... done.

End time: Wed Dec  7 17:23:47 2022
